[    0.0000]Initializing cgroup subsys cpuset
[    0.000000] Initializing cgroup subsys cpu
[    0.000000] Initializing cgroup subsys cpuacct
[    0.000000] Linux version 4.4.0-128-generic (buildd@lcy01-amd64-019) (gcc version 5.4.0 20160609 (Ubuntu 5.4.0-6ubuntu1~16.04.9) ) #154-Ubuntu SMP Fri May 25 14:15:18 UTC 2018 (Ubun 44.0-128.154-generic 4.4.131)
[    0.000000] Command line: BOOTIMAGE=bot/vmin-4.4.012geneicoo=LABL=oudimgrofsro cnslett1 onol=tyS0   0.000] ERNEL ppted cpus:
[    0.000000]   Intel GenuineIntel
[    0.000000  MDAuthtiMD
   00000] Cetaur CentaurHauls
[    0.00000 -------[ ut her ]----------
[    0.000000] WARNING: PU 0 PID: 0 at/bld/linux-prqDW9/linux-4.4.0/arch/x86/kerne/f/xsttec:7 fp_it_system_xstate+0x38b/0x75a()
[    0.000000] XSAVE consistency problem, dumping leaves
[  000000]Mole lind n:
[    0.000000] CPU: 0 PID: 0 Comm: swapper Not tainted 4.4.0-128-generic #154-Ubuntu
[    00000  000000000086e4736ff5ce0e fffffff81e03d70 ffffffff81401473
[    0.000000]  ffffffff81e03db8 ffffffff81cacb08 ffffffff81e03da8 ffffffff81084432
[    0.0000]ffffff1e3e38fffff81ee3000000000008 0000000001
   0.000] all ac
[   0.000]  fffff811473] mpstac0x6/090
  0.00000]  [<ffffffff81084432>] warn_slowpath_como0x820x
    0000] <ffffff104c>] wrnlopath_fmt0x/080
    00000] [<fffff817fb> ? xfate_sie+x5/077
[    0.000000]  [<ffffffff81f732b1>] fpu__init_system_xstae+38/0x7a[   0.000000]  [<ffffffff81f63120>] ? early_idt_handler_array+0x120/0x120
[    0.000000]  [<ffffffff81f72c1c>] fpu__init_system+0x10b/0x243
[    0.000000]  [<ffffffff81f73e46>] early_cpu_init+0x1da/0x1e0
[    0.000000]  [<ffffffff81f73e46>] ? early_cpu_init+0x1da/0x1e0
[    0.0000]  [<fffff8f6f1a] tup_rc+04/0x3[   0.000]  <ffffff81f63120>]  eary_t_andlr_ra+0x12/012
[    0.000000]  [<ffffffff81f63c75>] start_kernel+0xe2/0x4a4
[    0.000000]  [<ffffffff81f63120>] ? early_idt_handler_array+0x120/0x120
[    0.000000]  [<ffffffff81f63339>] x86_64_start_reservations+0x2a/0x2c
[    0.000000]  [<ffffffff81f63485>] x86_64_start_kernel+0x14a/0x16d
[    0.000000] ---[ end trace 4dd5fff28c423 ]-
[   00000] PU[0d, 00]ea=0000007bx=00044 ex=000040dx=00000
[    0.000000] CPUID[0d, 01]: eax=00000000 ebx=000003c0 ecx=00000000 edx=00000000
[    0.000000] CPUID[0d, 02]: eax=00000100 ebx=00000240 ecx=00000000 edx=00000000
[    0.000000] CPUID[0d, 03]: eax=00000000 ebx=00000000 ecx=00000000 edx=00000000
[    0.000000] CPUID[0d, 04]: eax=00000000 ebx=00000000 ecx=00000000 edx=00000000
[    0.000000] CPUID[0d, 05]: eax=00000000 ebx=00000000 ecx=00000000 edx=00000000
[    0.000000]CPUID[0d, 06]: eax=00000000 bx=00000 x=00000 e=0000000
[  0.0000CPUI0d07]: ea000000 ex=00000 ec=00000 edx=00000000
[   0.000] CUI0d 08: ax00000 ebx=00000000 ecx=0000000 ex=000000
[   00000] PU[0, 09 ex=00000 bx=000000ecx=00000 edx=00000
[   00000] PUD[d, 0]:ax000000eb=000000 cx000000ed=00000
[    0.000000] CPUID[0d, 0b]: eax=0000 ex=00000 x=0000 ex=0000
    0.00] CPD[d,0c]:ea=000000 x=000000cx0000000 x=000000[   0.000] CIDd, 0]:ax000000bx=0000 ecx=00000000 edx=00000000
[    0.000000] CPUID[0d, 0e]: eax=00000000 ebx=00000000 ecx=00000000 edx=00000000
[   .00000]PUI[0, 0f ex=00000000 ebx=00000000 ecx=00000 ex=00000000
[    0.000000] CPUID[0d, 10]: eax=00000000 ebx=00000000 ecx=00000000 edx=000000
[    0.000000] CPUIDD[0d, 11]: eax=00000000 ebx=00000000 ecx=00000000 edx=00000000
[    0.000000] x86/fpu: xstate_offset[2]:  576, xstate_sizes[2]:  256
[    0.000000] x86/fpu: Supporting XSAVE feature 01:x87 loti poin risers'
[   .0000]86/f: pporinXSVE ftu 0x0: SEregite'
[  .00000x8fpu:Suoring AV fatur 04:'AVXreiser'
[   0.0000]x8fp: Enabled ta feare 07, context size is 1088 bytes, using 'standard' format.
[    0.000000] x86/fpu: Using 'lazy' FPU cotet witces
[    0.000000] e820: BIOS-provided physical RAM map:
[   .0000] BIOS-e20 [em0x00000000000-00000000009fbff] usable
[    .000] BIS-20 [mem0x00000000fc-000000000ffff] reserved
[    0.000000] BIOS-e820: [mem0x00000000f0000-0x00000000000fffff] reserve
  0.0000BIOS82 [me 0000000010000x000003fefff] abe
[  00000 BS-e8: em 0000003f000-0x000003ffff]ACPIda
    0000] IOe820: emx000000ff00000x00000fffff resrv
    .00000 NX xete Dab) precio: aciv
[   00000] SMIO2. prent
[    0000] Hypeis dette KVM[   00000 e820:as_pfn= 3ff0 mx_chpfn = 4000000
[    0.00000 MR: Dsaled
[  .00000] x6/AT MTRR dabed, kipi PAT iitliatio t.
[   00000] PUTRRsalblnk  vtulizesyem.   0.000] 86/PT:onigurio[0-7 W  T  U- C B  W U UC  [  0.000 fou S MP-talet [mem0x00ff0-00ffff] app a [ff880009ff][   0.000] Snnng1 ars orlow emy orruti
    .000] RAIS [me 06a40000x54fff]
  0.0000 API: rltable hesumvericaon dabed
[   00000 AI:RSDP 0x00000000000E000 002 (v0 VX )
[   00000]CP XSD 0000000FF03 0003Cv0 VBO  OXXSDT00001 AS 00006)
[    0.000000] ACPI: FACP 0x000000003FFF00F0 0000F4 (v04BOX  VXFCP 0001 AS 00006)[  00000] PI DSD 0000000FF47 001EBv0 VBOX  VXBOS 00002INTL 20100528)
[   00000]CP: FACS0x000003FFF0200 000040
[    0.000000] ACPI: FACS 0x000000003FFF0200 00004
   00000] PI: IC0x0000003FF024 000C 02 VBO  VBXAIC 000001AS  0006)
[    0.000000] ACPI: SSDT 0x000000003FFF02A0 0001CC (v01 VBOX   BOCPT 00000002 INTL 20100528)
[    0.000000] No NUMA confgutionfod
[    0.000000] Faking a node at [mem 0x0000000000000000-0x000000003ffeffff]
[    0.000000] NODE_DATA(0) allocated [mem 0x3ffeb000-0x3ffeffff]
[    0.000000] kvm-clock: Using msrs 4b564d01 and 4b564d00
[  000000] m-clckcp 0, msr 03fe301, riry cpu clock
[    0.000000] vmclck using sched offset of 4741004346 cycles
[    0.000000] clocksource:kv-clck mask:0xffffffffffmax_cl: 0xcde4dffb m_ile_n 81590591483 ns
[    0.00000] Zone rang:[   0.000]   DMA      [mem x00000000000-000000000ffff][   0.00]   MA   [me0x0000010000-0x00003fefff
[    .000]   Noal  emty[   .0000]   eve   empy    0.000]Movaleon stat r ach de
[    .0000]ar memrynoe ange
[  0.000]  no  0:[mem 0000000000-0x00000009ef]
[   0.000]  nod  : mem 0x000000000-0x0000003feffff
   0.0000 Iitmesep no 0mem 0x000000010-x0000003fefff]
[    0.000000] ACPI: PM-TimerIOort:x48
[   .00000IOIC[0: icid 2veion 17adess fe0000, GSI 0-23
[    0.000000] ACPI: INT_SRC_OVR (bus 0 bus_irq  gloalirq 2 dfdf
[   0.000] API I__SROV (bus 0 bus_irq 9 global_irq 9 high lve)[   .000] Usg CPI (AD fr SMP onguatio iormaon
[  0.0000 spbt: Aowg 2 CPU, hoplugCP
[   .0000] M:Registered nosave memory: [mem 0x00000000-0x00000fff]
[    0.000000] PM: Registered nosave memory: [mem 0x0009f000-0x0009ffff]
[    0.000000] PM: Registered nosave memory: [mem 0x000a0000-0x000effff]
[    0.000000] PM: Registered nosave memory: [mem 0x000f0000-0x000fffff]
[    0.000000] e820: [mem 0x40000000-0xfffbffff] available for PCI devices
[   0.000 Boongaravituizedkeelon KM[    0.000]clocksoce: refned-ifes mask: 0xffffffff max_cycles: 0xffffffff, max_idle_ns: 7645519600211568 ns
[    0.000000] setup_percpu: NCPS:2 r_cpmak_it51 nr_puid:2 n_ne_id:1
[    0.000000] PERCPU: Embedded 34 pages/cpu @ffff88003fc00000 s9954 192 d31528 u1048576
[    0000000] PV qspinlock hash table entries: 256 (order: 0, 4096 byte)[    0.0000] Buil 1zoelists n od ordr,moility roping on.  Total pages: 257912
[    0.000000] Policy zone: DMA32
[    0.000000] Kernel command line: BOOTIMGE/bt/mliuz.40-28geric rot=BEL=oumg-rtfro cnse=ty1 nsle=tyS
[   00000 PIDha tble ntes 409(ode: 3, 32768 bytes)
[    0.000000] Memory: 1001616K/1048120K available (8541K kernel code, 1313K rwdata, 4000K rodata, 1512K init, 1316K bss, 46504K reserved, 0K cma-reserved)
[    0.000000] SLUB: HWalign=64, Order=0-3, MinObjects=0, CPUs=2, Nodes=1
[    0.000000] Kernel/User page tables isolation: enabled
[    0.000000] Hierarchical RCU implementation.
[    0.000000] 	Build-time adjustment of leaf fanout to 64.
[    0.000000] 	RCU restricting CPUs from NR_CPUS=512 to nr_cpu_ids=2.
[    0.000000] RCU: Adjusting geometry for rcu_fanout_leaf=64, nr_cpu_ids=2
[    0.000000] NR_IRQS:33024 nr_irqs:440 16
[    0.000000] Console: colour VGA+ 80x25
[    0.000000] console [tty1] nale
[   .0000]coso [ttyS0] enabled
[   00000] tsc: Detected 2808.000 MHz processor
[   22.426194] Calibrating delay loop (skipped) preset value.. 5616.00 BogoMIPS (lpj=11232000)
[   22.488229] pid_max: default: 32768 minimum: 301
[   22.584911] ACPI: Core revision 20150930
[   22.635300] ACPI: 2 ACPI AML tables successfully acquired and loaded
[   22.710511] Security Framework initialized
[   22.711274] Yama: becoming mindful.
[   22.711955] AppArmor: AppArmor initialized
[   22.712750] Dentry cache hash table entries: 131072 (order: 8, 1048576 bytes)
[   22.714458] Inode-cache hash table entries: 65536 (order: 7, 524288 bytes)
[   22.786218] Mount-cache hash table entries: 2048 (order: 2, 16384 bytes)
[   22.862769] Mountpoint-cache hash table entries: 2048 (order: 2, 16384 bytes)
[   22.902521] Initializing cgroup subsys io
[   22.913664] Initializing cgroup subsys memory
[   22.930602] Initializing cgroup subsys devices
[   22.931487] Initializing cgroup subsys freezer
[   22.932330] Initializing cgroup subsys net_cls
[   22.934304] Initializing cgroup subsys perf_event
[   22.946998] Initializing cgroup subsys net_prio
[   23.014745] Initializing cgroup subsys hugetlb
[   23.019316] Initializing cgroup subsys pids
[   23.020425] CPU: Physical Processor ID: 0
[   23.021388] CPU: Processor Core ID: 0
[   23.027277] mce: CPU supports 0 MCE banks
[   23.031612] Last level iTLB entries: 4KB 64, 2MB 8, 4MB 8
[   23.032614] Last level dTLB entries: 4KB 64, 2MB 0, 4MB 0, 1GB 4
[   23.033692] Spectre V2 : Mitigation: Full generic retpoline
[   23.070996] Spectre V2 : Speculation control IBPB not-supported IBRS not-supported
[   23.122474] Spectre V2 : Filling RSB on context switch
[   23.146515] Speculative Store Bypass: Vulnerable
[   23.164196] Freeing SMP alternatives memory: 32K
[   23.180320] ftrace: allocating 32236 entries in 126 pages
[   23.258237] smpboot: APIC(0) Converting physical 0 to logical package 0
[   23.275399] smpboot: Max logical packages: 1
[   23.277647] ..TIMER: vector=0x30 apic1=0 pin1=2 apic2=-1 pin2=-1
[   23.401866] smpboot: CPU0: Intel(R) Core(TM) i7-6600U CPU @ 2.60GHz (family: 0x6, model: 0x4e, stepping: 0x3)
[   23.452334] Performance Events: unsupported p6 CPU model 78 no PMU driver, software events only.
[   23.454106] KVM setup paravirtual spinlock
[   23.455582] x86: Booting SMP configuration:
[   23.459780] .... node  #0, CPUs:      #1
[   23.460906] kvm-clock: cpu 1, msr 0:3ffe3041, secondary cpu clock
[   23.483466] mce: CPU supports 0 MCE banks
[   23.486014] x86: Booted up 1 node, 2 CPUs
[   23.491326] smpboot: Total of 2 processors activated (11232.00 BogoMIPS)
[   23.504958] devtmpfs: initialized
[   23.512680] evm: security.selinux
[   23.519395] evm: security.SMACK64
[   23.520260] evm: security.SMACK64EXEC
[   23.521200] evm: security.SMACK64TRANSMUTE
[   23.522230] evm: security.SMACK64MMAP
[   23.523141] evm: security.ima
[   23.523870] evm: security.capability
[   23.524815] clocksource: jiffies: mask: 0xffffffff max_cycles: 0xffffffff, max_idle_ns: 7645041785100000 ns
[   23.548532] futex hash table entries: 512 (order: 3, 32768 bytes)
[   23.567820] pinctrl core: initialized pinctrl subsystem
[   23.579779] RTC time:  6:43:23, date: 07/03/18
[   23.581097] NET: Registered protocol family 16
[   23.610856] cpuidle: using governor ladder
[   23.623651] cpuidle: using governor menu
[   23.624435] PCCT header not found.
[   23.626376] ACPI: bus type PCI registered
[   23.659505] acpiphp: ACPI Hot Plug PCI Controller Driver version: 0.5
[   23.675755] PCI: Using configuration type 1 for base access
[   23.715540] ACPI: Added _OSI(Module Device)
[   23.733174] ACPI: Added _OSI(Processor Device)
[   23.734099] ACPI: Added _OSI(3.0 _SCP Extensions)
[   23.753913] ACPI: Added _OSI(Processor Aggregator Device)
[   23.759591] ACPI: Executed 1 blocks of module-level executable AML code
[   23.813330] ACPI: Interpreter enabled
[   23.835971] ACPI: (supports S0 S5)
[   23.846840] ACPI: Using IOAPIC for interrupt routing
[   23.851541] PCI: Using host bridge windows from ACPI; if necessary, use "pci=nocrs" and report a bug
[   23.887028] ACPI: PCI Root Bridge [PCI0] (domain 0000 [bus 00-ff])
[   23.910567] acpi PNP0A03:00: _OSC: OS supports [ASPM ClockPM Segments MSI]
[   23.947262] acpi PNP0A03:00: _OSC failed (AE_NOT_FOUND); disabling ASPM
[   23.975204] acpi PNP0A03:00: fail to add MMCONFIG information, can't access extended PCI configuration space under this bridge.
[   23.978196] PCI host bridge to bus 0000:00
[   24.022651] pci_bus 0000:00: root bus resource [io  0x0000-0x0cf7 window]
[   24.115694] pci_bus 0000:00: root bus resource [io  0x0d00-0xffff window]
[   24.128269] pci_bus 0000:00: root bus resource [mem 0x000a0000-0x000bffff window]
[   24.131711] pci_bus 0000:00: root bus resource [mem 0x40000000-0xffdfffff window]
[   24.133006] pci_bus 0000:00: root bus resource [bus 00-ff]
[   24.135462] pci 0000:00:01.1: legacy IDE quirk: reg 0x10: [io  0x01f0-0x01f7]
[   24.145879] pci 0000:00:01.1: legacy IDE quirk: reg 0x14: [io  0x03f6]
[   24.166581] pci 0000:00:01.1: legacy IDE quirk: reg 0x18: [io  0x0170-0x0177]
[   24.168204] pci 0000:00:01.1: legacy IDE quirk: reg 0x1c: [io  0x0376]
[   24.187322] ACPI: PCI Interrupt Link [LNKA] (IRQs 5 9 10 11) *0, disabled.
[   24.223312] ACPI: PCI Interrupt Link [LNKB] (IRQs 5 9 10 *11)
[   24.250966] ACPI: PCI Interrupt Link [LNKC] (IRQs 5 9 *10 11)
[   24.274072] ACPI: PCI Interrupt Link [LNKD] (IRQs 5 *9 10 11)
[   24.303227] ACPI: Enabled 2 GPEs in block 00 to 07
[   24.363415] vgaarb: setting as boot device: PCI:0000:00:02.0
[   24.430561] vgaarb: device added: PCI:0000:00:02.0,decodes=io+mem,owns=io+mem,locks=none
[   24.528391] vgaarb: loaded
[   24.558167] vgaarb: bridge control possible 0000:00:02.0
[   24.663630] SCSI subsystem initialized
[   24.670547] ACPI: bus type USB registered
[   24.717356] usbcore: registered new interface driver usbfs
[   24.838932] usbcore: registered new interface driver hub
[   24.942978] usbcore: registered new device driver usb
[   25.024377] PCI: Using ACPI for IRQ routing
[   25.061564] NetLabel: Initializing
[   25.135218] NetLabel:  domain hash size = 128
[   25.167002] NetLabel:  protocols = UNLABELED CIPSOv4
[   25.168428] NetLabel:  unlabeled traffic allowed by default
[   25.169730] amd_nb: Cannot enumerate AMD northbridges
[   25.213023] clocksource: Switched to clocksource kvm-clock
[   25.32262]ppmo AArr lest Ebl
  5.61] p:nPCPint
[   22317pn P AI:fod deic
[   26.735406] clocksource: acpi_pm: mask: 0xffffff max_cycles: 0xffffff, max_idle_ns: 2085701024 ns
[   26.811679] NET: Registered protocol family 2
[   26.885112] TCP established hash table entries: 8192 (order: 4, 65536 bytes)
[   26.932263] TCP bind hash table entries: 8192 (order: 5, 131072 bytes)
[   27.024366] TCP: Hash tables configured (established 8192 bind 8192)
[   27.078871] UDP hash table entries: 512 (order: 2, 16384 bytes)
[   27.092013] UDP-Lite hash table entries: 512 (order: 2, 16384 bytes)
[   27.094724] NET: Registered protocol family 1
[   27.108102] pci 0000:00:00.0: Limiting direct PCI/PCI transfers
[   27.110798] pci 0000:00:01.0: Activating ISA DMA hang workarounds
[   27.112010] Unpacking initramfs...
[   28.912669] Freeing initrd memory: 10904K
[   28.917203] platform rtc_cmos: registered platform RTC device (no PNP device found)
[   28.923337] Scanning for low memory corruption every 60 seconds
[   28.924833] audit: initializing netlink subsys (disabled)
[   28.927711] audit: type=2000 audit(1530600190.628:1): initialized
[   28.934716] Initialise system trusted keyring
[   28.935738] HugeTLB registered 2 MB page size, pre-allocated 0 pages
[   28.954882] zbud: loaded
[   28.957537] VFS: Disk quotas dquot_6.6.0
[   28.960075] VFS: Dquot-cache hash table entries: 512 (order 0, 4096 bytes)
[   28.964821] squashfs: version 4.0 (2009/01/31) Phillip Lougher
[   28.968016] fuse init (API version 7.23)
[   28.978965] Key type big_key registered
[   28.980975] Allocating IMA MOK and blacklist keyrings.
[   28.990909] Key type asymmetric registered
[   28.995509] Asymmetric key parser 'x509' registered
[   29.005017] Block layer SCSI generic (bsg) driver version 0.4 loaded (major 249)
[   29.017065] io scheduler noop registered
[   29.024387] io scheduler deadline registered (default)
[   29.025341] io scheduler cfq registered
[   29.065634] pci_hotplug: PCI Hot Plug PCI Core version: 0.5
[   29.071928] pciehp: PCI Express Hot Plug Controller Driver version: 0.4
[   29.077749] ACPI: AC Adapter [AC] (on-line)
[   29.080277] input: Power Button as /devices/LNXSYSTM:00/LNXPWRBN:00/input/input0
[   29.083568] ACPI: Power Button [PWRF]
[   29.094288] input: Sleep Button as /devices/LNXSYSTM:00/LNXSLPBN:00/input/input1
[   29.203205] ACPI: Sleep Button [SLPF]
[   29.222778] GHES: HEST is not enabled!
[   29.223348] ACPI: Battery Slot [BAT0] (battery present)
[   29.275714] Serial: 8250/16550 driver, 32 ports, IRQ sharing enabled
[   29.356597] 00:02: ttyS0 at I/O 0x3f8 (irq = 4, base_baud = 115200) is a 16550A
[   29.449553] Linux agpgart interface v0.103
[   29.462579] loop: module loaded
[   29.484259] scsi host0: ata_piix
[   29.517256] scsi host1: ata_piix
[   29.564316] ata1: PATA max UDMA/33 cmd 0x1f0 ctl 0x3f6 bmdma 0xd000 irq 14
[   29.566785] ata2: PATA max UDMA/33 cmd 0x170 ctl 0x376 bmdma 0xd008 irq 15
[   29.568115] libphy: Fixed MDIO Bus: probed
[   29.569147] tun: Universal TUN/TAP device driver, 1.6
[   29.570055] tun: (C) 1999-2004 Max Krasnyansky <maxk@qualcomm.com>
[   29.571122] PPP generic driver version 2.4.2
[   29.571926] ehci_hcd: USB 2.0 'Enhanced' Host Controller (EHCI) Driver
[   29.574116] ehci-pci: EHCI PCI platform driver
[   29.574898] ehci-platform: EHCI generic platform driver
[   29.575794] ohci_hcd: USB 1.1 'Open' Host Controller (OHCI) Driver
[   29.578507] ohci-pci: OHCI PCI platform driver
[   29.583190] ohci-platform: OHCI generic platform driver
[   29.591567] uhci_hcd: USB Universal Host Controller Interface driver
[   29.592695] i8042: PNP: PS/2 Controller [PNP0303:PS2K,PNP0f03:PS2M] at 0x60,0x64 irq 1,12
[   29.628941] serio: i8042 KBD port at 0x60,0x64 irq 1
[   29.652565] serio: i8042 AUX port at 0x60,0x64 irq 12
[   29.712839] mousedev: PS/2 mouse device common for all mice
[   29.761725] rtc_cmos rtc_cmos: rtc core: registered rtc_cmos as rtc0
[   29.854017] rtc_cmos rtc_cmos: alarms up to one day, 114 bytes nvram
[   29.889851] i2c /dev entries driver
[   29.894792] device-mapper: uevent: version 1.0.3
[   29.895755] device-mapper: ioctl: 4.34.0-ioctl (2015-10-28) initialised: dm-devel@redhat.com
[   29.941983] input: AT Translated Set 2 keyboard as /devices/platform/i8042/serio0/input/input2
[   29.952838] ledtrig-cpu: registered to indicate activity on CPUs
[   29.992114] tsc: Refined TSC clocksource calibration: 2807.466 MHz
[   29.992268] NET: Registered protocol family 10
[   29.999021] clocksource: tsc: mask: 0xffffffffffffffff max_cycles: 0x2877cdac019, max_idle_ns: 440795214072 ns
[   29.999110] NET: Registered protocol family 17
[   29.999120] Key type dns_resolver registered
[   29.999329] registered taskstats version 1
[   29.999346] Loading compiled-in X.509 certificates
[   29.999863] Loaded X.509 cert 'Build time autogenerated kernel key: fc7b57a7df019f2655f66a8a374d74ee8f4999fc'
[   29.999877] zswap: loaded using pool lzo/zbud
[   30.001214] Key type trusted registered
[   30.003426] Key type encrypted registered
[   30.003430] AppArmor: AppArmor sha1 policy hashing enabled
[   30.003433] ima: No TPM chip found, activating TPM-bypass!
[   30.003450] evm: HMAC attrs: 0x1
[   30.003639]   Magic number: 10:548:720
[   30.003648] block loop0: hash matches
[   30.004356] rtc_cmos rtc_cmos: setting system clock to 2018-07-03 06:43:29 UTC (1530600209)
[   30.004415] BIOS EDD facility v0.16 2004-Jun-25, 0 devices found
[   30.004415] EDD information not available.
[   30.154271] Freeing unused kernel memory: 1512K
[   31.161309] Write protecting the kernel read-only data: 14336k
[   31.679303] Freeing unused kernel memory: 1688K
[   32.511308] Freeing unused kernel memory: 96K
Loading, please [   33.251389] random: systemd-udevd: uninitialized urandom read (16 bytes read, 7 bits of entropy available)
wait...
startin[   33.252176] random: udevadm: uninitialized urandom read (16 bytes read, 7 bits of entropy available)
g version 229
[   33.252204] random: udevadm: uninitialized urandom read (16 bytes read, 7 bits of entropy available)
[   33.261951] random: udevadm: uninitialized urandom read (16 bytes read, 7 bits of entropy available)
[   33.261997] random: udevadm: uninitialized urandom read (16 bytes read, 7 bits of entropy available)
[   33.262150] random: udevadm: uninitialized urandom read (16 bytes read, 7 bits of entropy available)
[   33.262245] random: udevadm: uninitialized urandom read (16 bytes read, 7 bits of entropy available)
[   33.262371] random: udevadm: uninitialized urandom read (16 bytes read, 7 bits of entropy available)
[   33.262432] random: udevadm: uninitialized urandom read (16 bytes read, 7 bits of entropy available)
[   33.262487] random: udevadm: uninitialized urandom read (16 bytes read, 7 bits of entropy available)
[   34.099636] Fusion MPT base driver 3.04.20
[   34.112179] Copyright (c) 1999-2008 LSI Corporation
[   34.116330] e1000: Intel(R) PRO/1000 Network Driver - version 7.3.21-k8-NAPI
[   34.118573] e1000: Copyright (c) 1999-2006 Intel Corporation.
[   34.180062] Fusion MPT SPI Host driver 3.04.20
[   34.192239] AVX version of gcm_enc/dec engaged.
[   34.215737] AES CTR mode by8 optimization enabled
[   34.378547] input: ImExPS/2 Generic Explorer Mouse as /devices/platform/i8042/serio1/input/input4
[   34.539388] e1000 0000:00:03.0 eth0: (PCI:33MHz:32-bit) 02:40:c1:fa:9b:f5
[   34.549440] e1000 0000:00:03.0 eth0: Intel(R) PRO/1000 Network Connection
[   34.552228] mptbase: ioc0: Initiating bringup
[   34.552868] e1000 0000:00:03.0 enp0s3: renamed from eth0
[   35.042946] ioc0: LSI53C1030 A0: Capabilities={Initiator}
[   36.028238] scsi host2: ioc0: LSI53C1030 A0, FwRev=00000000h, Ports=1, MaxQ=256, IRQ=20
[   36.566096] scsi 2:0:0:0: Direct-Access     VBOX     HARDDISK         1.0  PQ: 0 ANSI: 5
[   36.586286] scsi target2:0:0: Beginning Domain Validation
[   36.600230] scsi target2:0:0: Domain Validation skipping write tests
[   37.126400] scsi target2:0:0: Ending Domain Validation
[   37.127562] scsi target2:0:0: asynchronous
[   37.128854] scsi 2:0:1:0: Direct-Access     VBOX     HARDDISK         1.0  PQ: 0 ANSI: 5
[   37.172749] scsi target2:0:1: Beginning Domain Validation
[   37.174735] scsi target2:0:1: Domain Validation skipping write tests
[   37.187526] scsi target2:0:1: Ending Domain Validation
[   37.202086] scsi target2:0:1: asynchronous
[   37.274603] sd 2:0:0:0: Attached scsi generic sg0 type 0
[   37.348789] sd 2:0:0:0: [sda] 20971520 512-byte logical blocks: (10.7 GB/10.0 GiB)
[   37.349579] sd 2:0:1:0: Attached scsi generic sg1 type 0
[   37.349807] sd 2:0:1:0: [sdb] 20480 512-byte logical blocks: (10.5 MB/10.0 MiB)
[   37.349986] sd 2:0:1:0: [sdb] Write Protect is off
[   37.350107] sd 2:0:1:0: [sdb] Incomplete mode parameter data
[   37.350108] sd 2:0:1:0: [sdb] Assuming drive cache: write through
[   37.376263] sd 2:0:1:0: [sdb] Attached SCSI disk
[   37.415531] sd 2:0:0:0: [sda] Write Protect is off
[   37.426223] sd 2:0:0:0: [sda] Incomplete mode parameter data
[   37.434624] sd 2:0:0:0: [sda] Assuming drive cache: write through
[   37.504426]  sda: sda1
[   37.519277] sd 2:0:0:0: [sda] Attached SCSI disk
Begin: Loading e[   38.985683] md: linear personality registered for level -1
ssential drivers[   39.002368] md: multipath personality registered for level -4
 ... [   39.043737] md: raid0 personality registered for level 0
[   39.060600] md: raid1 personality registered for level 1
[   39.145058] raid6: sse2x1   gen()  7861 MB/s
[   39.225939] raid6: sse2x1   xor()  5083 MB/s
[   39.317215] raid6: sse2x2   gen()  8397 MB/s
[   39.393295] raid6: sse2x2   xor()  5729 MB/s
[   39.461459] raid6: sse2x4   gen() 11248 MB/s
[   39.537541] raid6: sse2x4   xor()  8173 MB/s
[   39.547772] raid6: using algorithm sse2x4 gen() 11248 MB/s
[   39.548741] raid6: .... xor() 8173 MB/s, rmw enabled
[   39.549704] raid6: using ssse3x2 recovery algorithm
[   39.557894] xor: automatically using best checksumming function:
[   39.701869]    avx       : 17422.000 MB/sec
[   39.734960] async_tx: api initialized (async)
[   39.751087] md: raid6 personality registered for level 6
[   39.796885] md: raid5 personality registered for level 5
[   39.805605] md: raid4 personality registered for level 4
[   39.831520] md: raid10 personality registered for level 10
done.
Begin: Running /scripts/init-premount ... done.[   39.879955] Btrfs loaded

Begin: Mounting root file system ... Begin: Running /scripts/local-top ... done.
Begin: Running /scripts/local-premount ... Scanning for Btrfs filesystems
done.
Warning: fsck not present, so skipping root file system
[   40.440578] EXT4-fs (sda1): INFO: recovery required on readonly filesystem
[   40.538633] EXT4-fs (sda1): write access will be enabled during recovery
[   40.897091] random: nonblocking pool is initialized
[   41.338525] EXT4-fs (sda1): recovery complete
[   41.375901] EXT4-fs (sda1): mounted filesystem with ordered data mode. Opts: (null)
done.
Begin: Running /scripts/local-bottom ... done.
Begin: Running /scripts/init-bottom ... done.
[   43.325821] systemd[1]: systemd 229 running in system mode. (+PAM +AUDIT +SELINUX +IMA +APPARMOR +SMACK +SYSVINIT +UTMP +LIBCRYPTSETUP +GCRYPT +GNUTLS +ACL +XZ -LZ4 +SECCOMP +BLKID +ELFUTILS +KMOD -IDN)
[   43.454364] systemd[1]: Detected virtualization oracle.
[   43.533568] systemd[1]: Detected architecture x86-64.

Welcome to [1mUbuntu 16.04.4 LTS[0m!

[   43.673647] systemd[1]: Set hostname to <ubuntu-xenial>.
[   45.947784] systemd[1]: Set up automount Arbitrary Executable File Formats File System Automount Point.
[[0;32m  OK  [0m] Set up automount Arbitrary Executab...ats File System Automount Point.
[   46.009772] systemd[1]: Listening on Device-mapper event daemon FIFOs.
[[0;32m  OK  [0m] Listening on Device-mapper event daemon FIFOs.
[   46.082121] systemd[1]: Listening on Journal Socket (/dev/log).
[[0;32m  OK  [0m] Listening on Journal Socket (/dev/log).
[   46.182200] systemd[1]: Reached target System Time Synchronized.
[[0;32m  OK  [0m] Reached target System Time Synchronized.
[   46.269540] systemd[1]: Listening on /dev/initctl Compatibility Named Pipe.
[[0;32m  OK  [0m] Listening on /dev/initctl Compatibility Named Pipe.
[   46.330068] systemd[1]: Reached target Swap.
[[0;32m  OK  [0m] Reached target Swap.
[   46.453371] systemd[1]: Listening on udev Control Socket.
[[0;32m  OK  [0m] Listening on udev Control Socket.
[   46.621745] systemd[1]: Created slice System Slice.
[[0;32m  OK  [0m] Created slice System Slice.
[   46.686402] systemd[1]: Reached target User and Group Name Lookups.
[[0;32m  OK  [0m] Reached target User and Group Name Lookups.
[   46.754194] systemd[1]: Listening on LVM2 poll daemon socket.
[[0;32m  OK  [0m] Listening on LVM2 poll daemon socket.
[   46.841539] systemd[1]: Listening on Journal Audit Socket.
[[0;32m  OK  [0m] Listening on Journal Audit Socket.
[   46.978503] systemd[1]: Listening on udev Kernel Socket.
[[0;32m  OK  [0m] Listening on udev Kernel Socket.
[   47.113546] systemd[1]: Listening on Syslog Socket.
[[0;32m  OK  [0m] Listening on Syslog Socket.
[   47.177530] systemd[1]: Listening on Journal Socket.
[[0;32m  OK  [0m] Listening on Journal Socket.
[   47.209642] systemd[1]: Starting Uncomplicated firewall...
         Starting Uncomplicated firewall...
[   47.446079] systemd[1]: Starting Load Kernel Modules...
         Starting Load Kernel Modules...
[   47.525483] systemd[1]: Mounting POSIX Message Queue File System...
         Mounting POSIX Message Queue File System...
[   47.645479] systemd[1]: Starting Journal Service...
         Starting Journal Service...
[   47.761791] systemd[1]: Mounting Debug File System...
         Mounting Debug File System...
[   47.877173] systemd[1]: Mounting Huge Pages File System...
         Mounting Huge Pages File System...
[   47.978161] systemd[1]: Starting Remount Root and Kernel File Systems...
         Starting Remount Root and Kernel File Systems...
[   48.018129] Loading iSCSI transport class v2.0-870.
[   48.329260] systemd[1]: Starting Create list of required static device nodes for the current kernel...
         Starting Create list of required st... nodes for the current kernel...
[   48.545451] EXT4-fs (sda1): re-mounted. Opts: (null)
[   48.558659] iscsi: registered transport (tcp)
[   48.565680] systemd[1]: Starting Nameserver information manager...
         Starting Nameserver information manager...
[   48.725735] systemd[1]: Created slice system-serial\x2dgetty.slice.
[[0;32m  OK  [0m] Created slice system-serial\x2dgetty.slice.
[   48.889956] systemd[1]: Listening on LVM2 metadata daemon socket.
[[0;32m  OK  [0m] Listening on LVM2 metadata daemon socket.
[   48.933303] systemd[1]: Starting Monitoring of LVM2 mirrors, snapshots etc. using dmeventd or progress polling...
         Starting Monitoring of [   48.947196] iscsi: registered transport (iser)
LVM2 mirrors... dmeventd or progress polling...
[   48.965535] systemd[1]: Reached target Encrypted Volumes.
[[0;32m  OK  [0m] Reached target Encrypted Volumes.
[   48.982762] systemd[1]: Created slice User and Session Slice.
[[0;32m  OK  [0m] Created slice User and Session Slice.
[   49.005849] systemd[1]: Reached target Slices.
[[0;32m  OK  [0m] Reached target Slices.
[   49.033372] systemd[1]: Started Forward Password Requests to Wall Directory Watch.
[[0;32m  OK  [0m] Started Forward Password Requests to Wall Directory Watch.
[   49.069616] systemd[1]: Started Trigger resolvconf update for networkd DNS.
[[0;32m  OK  [0m] Started Trigger resolvconf update for networkd DNS.
[   49.105791] systemd[1]: Starting Set console keymap...
         Starting Set console keymap...
[   49.127270] systemd[1]: Mounted Debug File System.
[[0;32m  OK  [0m] Mounted Debug File System.
[   49.142109] systemd[1]: Mounted POSIX Message Queue File System.
[[0;32m  OK  [0m] Mounted POSIX Message Queue File System.
[   49.185374] systemd[1]: Mounted Huge Pages File System.
[[0;32m  OK  [0m] Mounted Huge Pages File System.
[   49.208440] systemd[1]: Started Journal Service.
[[0;32m  OK  [0m] Started Journal Service.
[[0;32m  OK  [0m] Started Uncomplicated firewall.
[[0;32m  OK  [0m] Started Load Kernel Modules.
[[0;32m  OK  [0m] Started Remount Root and Kernel File Systems.
[[0;32m  OK  [0m] Started Create list of required sta...ce nodes for the current kernel.
         Starting Create Static Device Nodes in /dev...
         Starting udev Coldplug all Devices...
         Starting Load/Save Random Seed...
         Mounting FUSE Control File System...
         Starting Apply Kernel Variables...
         Starting Flush Journal to Persistent Storage...
[[0;32m  OK  [0m] Mounted FUSE Control File System.
[[0;32m  OK  [0m] Started Set console keymap.
[[0;32m  OK  [0m] Started Nameserver information manager.
[[0;32m  OK  [0m] Started Load/Save Random Seed.
[[0;32m  OK  [0m] Started udev Coldplug all Devices.
[[0;32m  OK  [0m] Started Apply Kernel Variables.
[[0;32m  OK  [0m] Started LVM2 metadata daemon.
[[0;32m  OK  [0m] Started Flush Journal to Persistent Storage.
[[0;32m  OK  [0m] Started Create Static Device Nodes in /dev.
         Starting udev Kernel Device Manager...
[[0;32m  OK  [0m] Started Monitoring of LVM2 mirrors,...ng dmeventd or progress polling.
[[0;32m  OK  [0m] Started udev Kernel Device Manager.
[[0;32m  OK  [0m] Reached target Local File Systems (Pre).
[[0;32m  OK  [0m] Reached target Local File Systems.
         Starting LSB: AppArmor initialization...
         Starting Tell Plymouth To Write Out Runtime Data...
         Starting Create Volatile Files and Directories...
         Starting Set console font and keymap...
         Starting Initial cloud-init job (pre-networking)...
[[0;32m  OK  [0m] Started Dispatch Password Requests to Console Directory Watch.
[[0;32m  OK  [0m] Started Tell Plymouth To Write Out Runtime Data.
[[0;32m  OK  [0m] Started Create Volatile Files and Directories.
[[0;32m  OK  [0m] Found device /dev/ttyS0.
         Starting Update UTMP about System Boot/Shutdown...
[[0;32m  OK  [0m] Started Update UTMP about System Boot/Shutdown.
[[0;32m  OK  [0m] Listening on Load/Save RF Kill Switch Status /dev/rfkill Watch.
[[0;32m  OK  [0m] Found device 82540EM Gigabit Ethern...r (PRO/1000 MT Desktop Adapter).
[[0;32m  OK  [0m] Started Set console font and keymap.
[[0;32m  OK  [0m] Created slice system-getty.slice.
[[0;32m  OK  [0m] Started LSB: AppArmor initialization.
[   35.754327] cloud-init[514]: Cloud-init v. 18.2 running 'init-local' at Tue, 03 Jul 2018 06:43:59 +0000. Up 35.17 seconds.
[[0;32m  OK  [0m] Started Initial cloud-init job (pre-networking).
[[0;32m  OK  [0m] Reached target Network (Pre).
         Starting Raise network interfaces...
[[0;32m  OK  [0m] Started ifup for enp0s3.
[[0;32m  OK  [0m] Started Raise network interfaces.
         Starting Initial cloud-init job (metadata service crawler)...
[[0;32m  OK  [0m] Reached target Network.
[   38.330155] cloud-init[990]: Cloud-init v. 18.2 running 'init' at Tue, 03 Jul 2018 06:44:00 +0000. Up 36.66 seconds.
[   38.361047] cloud-init[990]: ci-info: +++++++++++++++++++++++++++++++++++++Net device info++++++++++++++++++++++++++++++++++++++
[   38.367494] cloud-init[990]: ci-info: +--------+------+----------------------------+---------------+-------+-------------------+
[   38.375644] cloud-init[990]: ci-info: | Device |  Up  |          Address           |      Mask     | Scope |     Hw-Address    |
[   38.405577] cloud-init[990]: ci-info: +--------+------+----------------------------+---------------+-------+-------------------+
[[0;32m  OK  [0m] Started Initial cloud-init job (metadata service crawler).
[   38.535928] [cloud-init[0;32m  OK  [0m[990]: ] ci-info: | enp0s3 | True |         10.0.2.15          | 255.255.255.0 |   .   | 02:40:c1:fa:9b:f5 |Reached target System Initialization.

[   38.540264] cloud-init[990]: ci-info: | enp0s3 | True | fe80::40:c1ff:fefa:9bf5/64 |       .       |  link | 02:40:c1:fa:9b:f5 |
[   38.602899] cloud-init[990]: ci-info: |   lo   | True |         127.0.0.1          |   255.0.0.0   |   .   |         .         |
[   38.618215] cloud-init[990]: ci-info: |   lo   | True |          ::1/128           |       .       |  host |         .         |
[   38.645724] [cloud-init[0;32m  OK  [0m[990]: ] ci-info: +--------+------+----------------------------+---------------+-------+-------------------+Started Daily apt download activities.

[   38.665074] [cloud-init[0;32m  OK  [0m[990]: ] ci-info: +++++++++++++++++++++++++++Route IPv4 info++++++++++++++++++++++++++++Started Daily Cleanup of Temporary Directories.

[   38.665382] [cloud-init[0;32m  OK  [0m[990]: ] ci-info: +-------+-------------+----------+---------------+-----------+-------+Listening on D-Bus System Message Bus Socket.

[   38.716545] cloud-init[990]: ci-info: | Route | Destination | Gateway  |    Genmask    | Interface | Flags |
[   38.929476]          cloud-initStarting Socket activation for snappy daemon.[990]: 
ci-info: +-------+-------------+----------+---------------+-----------+-------+
[   38.980560] [cloud-init[0;32m  OK  [0m[990]: ] ci-info: |   0   |   0.0.0.0   | 10.0.2.2 |    0.0.0.0    |   enp0s3  |   UG  |Listening on UUID daemon activation socket.

[[   38.981037] cloud-init[990]: ci-info: |   1   |   10.0.2.0  | 0.0.0.0  | 255.255.255.0 |   enp0s3  |   U   |
[   39.135890] cloud-init[990]: ci-info: +-------+-------------+----------+---------------+-----------+-------+
[0;32m  OK  [0m] Started Daily apt upgrade and clean activities.
[[0;32m  OK  [0m] Reached target Timers.
[[0;32m  OK  [0m] Listening on ACPID Listen Socket.
         Starting LXD - unix socket.
[[0;32m  OK  [0m] Started ACPI Events Check.
[[0;32m  OK  [0m] Reached target Paths.
[[0;32m  OK  [0m] Reached target Network is Online.
         Starting iSCSI initiator daemon (iscsid)...
[[0;32m  OK  [0m] Reached target Cloud-config availability.
[[0;32m  OK  [0m] Listening on Socket activation for snappy daemon.
[[0;32m  OK  [0m] Listening on LXD - unix socket.
[[0;32m  OK  [0m] Reached target Sockets.
[[0;32m  OK  [0m] Reached target Basic System.
[[0;32m  OK  [0m] Started Regular background program processing daemon.
[[0;32m  OK  [0m] Started ACPI event daemon.
[[0;32m  OK  [0m] Started FUSE filesystem for LXC.
         Starting Apply the settings specified in cloud-config...
         Starting Login Service...
         Starting LSB: MD monitoring daemon...
[[0;32m  OK  [0m] Started D-Bus System Message Bus.
[   41.119501] cloud-init[1052]: Cloud-init v. 18.2 running 'modules:config' at Tue, 03 Jul 2018 06:44:04 +0000. Up 40.64 seconds.
         Starting LXD - container startup/shutdown...
[[0;32m  OK  [0m] Started Deferred execution scheduler.
         Starting LSB: Record successful boot for GRUB...
         Starting Virtualbox guest utils...
[[0;32m  OK  [0m] Started Unattended Upgrades Shutdown.
         Starting System Logging Service...
         Starting Daily apt upgrade and clean activities...
         Starting /etc/rc.local Compatibility...
         Starting OpenBSD Secure Shell server...
         Starting Accounts Service...
         Starting Snappy daemon...
[[0;32m  OK  [0m] Started iSCSI initiator daemon (iscsid).
[[0;32m  OK  [0m] Started Apply the settings specified in cloud-config.
[[0;32m  OK  [0m] Started /etc/rc.local Compatibility.
[[0;32m  OK  [0m] Started System Logging Service.
[[0;32m  OK  [0m] Started Login Service.
         Starting Login to default iSCSI targets...
[[0;32m  OK  [0m] Started Login to default iSCSI targets.
[[0;32m  OK  [0m] Started LSB: Record successful boot for GRUB.
[[0;32m  OK  [0m] Reached target Remote File Systems (Pre).
[[0;32m  OK  [0m] Reached target Remote File Systems.
         Starting LSB: daemon to balance interrupts for SMP systems...
         Starting Permit User Sessions...
         Starting LSB: automatic crash report generation...
         Starting LSB: Set the CPU Frequency Scaling governor to "ondemand"...
[[0;32m  OK  [0m] Started LSB: MD monitoring daemon.
[[0;32m  OK  [0m] Started LXD - container startup/shutdown.
[[0;32m  OK  [0m] Started Permit User Sessions.
         Starting Authenticate and Authorize Users to Run Privileged Tasks...
         Starting Terminate Plymouth Boot Screen...
         Starting Hold until boot process finishes up...
[[0;32m  OK  [0m] Started OpenBSD Secure Shell server.
[[0;32m  OK  [0m] Started LSB: daemon to balance interrupts for SMP systems.
[[0;32m  OK  [0m] Started Virtualbox guest utils.
[[0;32m  OK  [0m] Started LSB: automatic crash report generation.
[[0;32m  OK  [0m] Started LSB: Set the CPU Frequency Scaling governor to "ondemand".
[[0;32m  OK  [0m] Started Terminate Plymouth Boot Screen.
[[0;32m  OK  [0m] Started Hold until boot process finishes up.
[[0;32m  OK  [0m] Started Authenticate and Authorize Users to Run Privileged Tasks.
[[0;32m  OK  [0m] Started Accounts Service.
         Starting Set console scheme...
[[0;32m  OK  [0m] Started Getty on tty1.
[[0;32m  OK  [0m] Started Serial Getty on ttyS0.
[[0;32m  OK  [0m] Reached target Login Prompts.
[[0;32m  OK  [0m] Started Set console scheme.
[[0;32m  OK  [0m] Started Snappy daemon.
         Starting Wait until snapd is fully seeded...
[[0;32m  OK  [0m] Started Wait until snapd is fully seeded.
[[0;32m  OK  [0m] Reached target Multi-User System.
[[0;32m  OK  [0m] Reached target Graphical Interface.
         Starting Update UTMP about System Runlevel Changes...
         Starting Execute cloud user/final scripts...
[[0;32m  OK  [0m] Started Update UTMP about System Runlevel Changes.
[   46.151872] cloud-init[1237]: Cloud-init v. 18.2 running 'modules:final' at Tue, 03 Jul 2018 06:44:10 +0000. Up 45.92 seconds.
[   46.213000] [cloud-init[0;32m  OK  [0m[1237]: ] Cloud-init v. 18.2 finished at Tue, 03 Jul 2018 06:44:10 +0000. Datasource DataSourceNoCloud [seed=/dev/sdb][dsmode=net].  Up 46.14 secondsStarted Execute cloud user/final scripts.

[[0;32m  OK  [0m] Reached target Cloud-init target.
[[0;32m  OK  [0m] Started Daily apt upgrade and clean activities.

Ubuntu 16.04.4 LTS ubuntu-xenial ttyS0

ubuntu-xenial login: 